{
 "head": {
  "branch": null,
  "date": {
   "content": [
    [
     "2015-03-03 16:13:02 CET",
     4
    ]
   ],
   "id": "date",
   "name": "Date of execution"
  },
  "displayName": null,
  "host": {
   "content": [
    [
     "tortuga",
     4
    ]
   ],
   "id": "host",
   "name": "Host"
  },
  "limit": {
   "content": [
    [
     "timelimit: 10 s, memlimit: 3000 MB, CPU core limit: 1",
     4
    ]
   ],
   "id": "limits",
   "name": "Limits"
  },
  "options": {
   "content": [
    [
     "-noout -setprop log.consoleLevel=WARNING -predicateAnalysis",
     4
    ]
   ],
   "id": "options",
   "name": "Options"
  },
  "os": {
   "content": [
    [
     "Linux 3.13.0-45-generic x86_64",
     4
    ]
   ],
   "id": "os",
   "name": "OS"
  },
  "property": null,
  "runset": {
   "content": [
    [
     "predicateAnalysis",
     4
    ]
   ],
   "id": "run",
   "name": "Run set"
  },
  "system": {
   "content": [
    [
     "CPU: Intel Core i7-2600 CPU @ 3.40GHz, cores: 8, frequency: 3401 MHz; RAM: 16389384 kB",
     4
    ]
   ],
   "id": "system",
   "name": "System"
  },
  "task_id_names": [
   "Task name",
   "Property"
  ],
  "title": {
   "content": [
    [
     "status",
     1
    ],
    [
     "cputime (s)",
     1
    ],
    [
     "walltime (s)",
     1
    ],
    [
     "memory",
     1
    ]
   ],
   "id": "columnTitles",
   "name": "benchexec/tablegenerator/test_integration/results/"
  },
  "tool": {
   "content": [
    [
     "CPAchecker 1.4-svn 15944M",
     4
    ]
   ],
   "id": "tool",
   "name": "Tool"
  }
 },
 "rows": [
  {
   "href": "../results/test/programs/simple/bitvectors/implicitunsignedconversion_false-unreach-label.i",
   "id": [
    "test/programs/simple/bitvectors/implicitunsignedconversion_false-unreach-label.i",
    "unreach-label"
   ],
   "results": [
    {
     "category": "wrong",
     "href": "../results/test.2015-03-03_1613.logfiles/predicateAnalysis.implicitunsignedconversion_false-unreach-label.i.log",
     "values": [
      {
       "raw": "true"
      },
      {
       "raw": "2.17"
      },
      {
       "raw": "2.2"
      },
      {
       "raw": "128030000"
      }
     ]
    }
   ]
  },
  {
   "href": "../results/test/programs/simple/switch_test_default_fallthrough_false-unreach-label.c",
   "id": [
    "test/programs/simple/switch_test_default_fallthrough_false-unreach-label.c",
    "unreach-label"
   ],
   "results": [
    {
     "category": "correct",
     "href": "../results/test.2015-03-03_1613.logfiles/predicateAnalysis.switch_test_default_fallthrough_false-unreach-label.c.log",
     "values": [
      {
       "raw": "false(reach)"
      },
      {
       "raw": "2.19"
      },
      {
       "raw": "2.2"
      },
      {
       "raw": "129120000"
      }
     ]
    }
   ]
  },
  {
   "href": "../results/test/programs/simple/compoundLiteral_true-unreach-label.c",
   "id": [
    "test/programs/simple/compoundLiteral_true-unreach-label.c",
    "unreach-label"
   ],
   "results": [
    {
     "category": "correct",
     "href": "../results/test.2015-03-03_1613.logfiles/predicateAnalysis.compoundLiteral_true-unreach-label.c.log",
     "values": [
      {
       "raw": "true"
      },
      {
       "raw": "2.23"
      },
      {
       "raw": "2.2"
      },
      {
       "raw": "132340000"
      }
     ]
    }
   ]
  },
  {
   "href": "../results/doc/examples/example.c",
   "id": [
    "doc/examples/example.c"
   ],
   "results": [
    {
     "category": "missing",
     "href": "../results/test.2015-03-03_1613.logfiles/predicateAnalysis.example.c.log",
     "values": [
      {
       "raw": "true"
      },
      {
       "raw": "2.27"
      },
      {
       "raw": "2.3"
      },
      {
       "raw": "129470000"
      }
     ]
    }
   ]
  },
  {
   "href": "../results/test/programs/simple/builtin_expect_true-unreach-label.c",
   "id": [
    "test/programs/simple/builtin_expect_true-unreach-label.c",
    "unreach-label"
   ],
   "results": [
    {
     "category": "correct",
     "href": "../results/test.2015-03-03_1613.logfiles/predicateAnalysis.builtin_expect_true-unreach-label.c.log",
     "values": [
      {
       "raw": "true"
      },
      {
       "raw": "2.06"
      },
      {
       "raw": "2.1"
      },
      {
       "raw": "126310000"
      }
     ]
    }
   ]
  }
 ],
 "stats": [
  {
   "content": [
    [
     {
      "sum": 5
     },
     {
      "avg": "2.18",
      "max": "2.27",
      "median": "2.19",
      "min": "2.06",
      "stdev": "0.0719",
      "sum": "10.9&#x2007;"
     },
     {
      "avg": "2.2",
      "max": "2.3",
      "median": "2.2",
      "min": "2.1",
      "stdev": "0.072",
      "sum": "11&#x2008;&#x2007;"
     },
     {
      "avg": "129050000",
      "max": "132340000",
      "median": "129120000",
      "min": "126310000",
      "stdev": "1975800",
      "sum": "645270000"
     }
    ]
   ],
   "description": "",
   "id": null,
   "title": "total"
  },
  {
   "content": [
    [
     null,
     {
      "sum": "10.9&#x2007;"
     },
     {
      "sum": "12&#x2008;&#x2007;"
     },
     null
    ]
   ],
   "description": "(This line contains some statistics from local execution. Only trust those values, if you use your own computer.)",
   "id": null,
   "title": "local summary"
  }
 ],
 "tools": [
  {
   "benchmarkname": "test",
   "columns": [
    {
     "display_title": "status",
     "max_width": 12,
     "relevant_for_diff": false,
     "scale_factor": 1,
     "title": "status",
     "type": "status"
    },
    {
     "display_title": "cputime",
     "max_width": 7,
     "number_of_significant_digits": 3,
     "relevant_for_diff": false,
     "scale_factor": 1,
     "source_unit": "s",
     "title": "cputime",
     "type": "measure",
     "unit": "s"
    },
    {
     "display_title": "walltime",
     "max_width": 8,
     "number_of_significant_digits": 2,
     "relevant_for_diff": false,
     "scale_factor": 1,
     "source_unit": "s",
     "title": "walltime",
     "type": "measure",
     "unit": "s"
    },
    {
     "display_title": "memory",
     "max_width": 9,
     "number_of_significant_digits": 5,
     "relevant_for_diff": false,
     "scale_factor": 1,
     "title": "memUsage",
     "type": "count"
    }
   ],
   "cores": "8",
   "cpu": "Intel Core i7-2600 CPU @ 3.40GHz",
   "cpuCores": "1",
   "date": "2015-03-03 16:13:02 CET",
   "freq": "3401 MHz",
   "host": "tortuga",
   "memlimit": "3000 MB",
   "name": "predicateAnalysis",
   "niceName": "predicateAnalysis",
   "options": "-noout -setprop log.consoleLevel=WARNING -predicateAnalysis",
   "os": "Linux 3.13.0-45-generic x86_64",
   "ram": "16389384 kB",
   "timelimit": "10 s",
   "tool": "CPAchecker",
   "toolmodule": "benchexec.tools.cpachecker",
   "version": "1.4-svn 15944M"
  }
 ],
 "version": "(test)"
}