{
 "head": {
  "branch": null,
  "date": {
   "content": [
    [
     "2015-03-03 16:13:02 CET",
     6
    ]
   ],
   "id": "date",
   "name": "Date of execution"
  },
  "displayName": null,
  "host": {
   "content": [
    [
     "tortuga",
     6
    ]
   ],
   "id": "host",
   "name": "Host"
  },
  "limit": {
   "content": [
    [
     "timelimit: 10 s, memlimit: 3000 MB, CPU core limit: 1",
     6
    ]
   ],
   "id": "limits",
   "name": "Limits"
  },
  "options": {
   "content": [
    [
     "-noout -setprop log.consoleLevel=WARNING -predicateAnalysis",
     6
    ]
   ],
   "id": "options",
   "name": "Options"
  },
  "os": {
   "content": [
    [
     "Linux 3.13.0-45-generic x86_64",
     6
    ]
   ],
   "id": "os",
   "name": "OS"
  },
  "property": null,
  "runset": {
   "content": [
    [
     "predicateAnalysis",
     6
    ]
   ],
   "id": "run",
   "name": "Run set"
  },
  "system": {
   "content": [
    [
     "CPU: Intel Core i7-2600 CPU @ 3.40GHz, cores: 8, frequency: 3401 MHz; RAM: 16389384 kB",
     6
    ]
   ],
   "id": "system",
   "name": "System"
  },
  "task_id_names": [
   "Task name",
   "Property"
  ],
  "title": {
   "content": [
    [
     "status",
     1
    ],
    [
     "category",
     1
    ],
    [
     "cputime (s)",
     1
    ],
    [
     "walltime (s)",
     1
    ],
    [
     "memory (MB)",
     1
    ],
    [
     "exitcode",
     1
    ]
   ],
   "id": "columnTitles",
   "name": "benchexec/tablegenerator/test_integration/results/"
  },
  "tool": {
   "content": [
    [
     "CPAchecker 1.4-svn 15944M",
     6
    ]
   ],
   "id": "tool",
   "name": "Tool"
  }
 },
 "rows": [
  {
   "href": "../results/test/programs/simple/bitvectors/implicitunsignedconversion_false-unreach-label.i",
   "id": [
    "test/programs/simple/bitvectors/implicitunsignedconversion_false-unreach-label.i",
    "unreach-label"
   ],
   "results": [
    {
     "category": "wrong",
     "href": "../results/test.2015-03-03_1613.logfiles/predicateAnalysis.implicitunsignedconversion_false-unreach-label.i.log",
     "values": [
      {
       "raw": "true"
      },
      {
       "raw": "wrong"
      },
      {
       "html": "2.17",
       "raw": "2.169189428"
      },
      {
       "html": "2.18",
       "raw": "2.1783649921417236"
      },
      {
       "html": "128",
       "raw": "128.032768"
      },
      {
       "raw": "0"
      }
     ]
    }
   ]
  },
  {
   "href": "../results/test/programs/simple/switch_test_default_fallthrough_false-unreach-label.c",
   "id": [
    "test/programs/simple/switch_test_default_fallthrough_false-unreach-label.c",
    "unreach-label"
   ],
   "results": [
    {
     "category": "correct",
     "href": "../results/test.2015-03-03_1613.logfiles/predicateAnalysis.switch_test_default_fallthrough_false-unreach-label.c.log",
     "values": [
      {
       "raw": "false(reach)"
      },
      {
       "raw": "correct"
      },
      {
       "html": "2.19",
       "raw": "2.189887353"
      },
      {
       "html": "2.20",
       "raw": "2.1968865394592285"
      },
      {
       "html": "129",
       "raw": "129.11820799999998"
      },
      {
       "raw": "0"
      }
     ]
    }
   ]
  },
  {
   "href": "../results/test/programs/simple/compoundLiteral_true-unreach-label.c",
   "id": [
    "test/programs/simple/compoundLiteral_true-unreach-label.c",
    "unreach-label"
   ],
   "results": [
    {
     "category": "correct",
     "href": "../results/test.2015-03-03_1613.logfiles/predicateAnalysis.compoundLiteral_true-unreach-label.c.log",
     "values": [
      {
       "raw": "true"
      },
      {
       "raw": "correct"
      },
      {
       "html": "2.23",
       "raw": "2.22954344"
      },
      {
       "html": "2.24",
       "raw": "2.237081289291382"
      },
      {
       "html": "132",
       "raw": "132.337664"
      },
      {
       "raw": "0"
      }
     ]
    }
   ]
  },
  {
   "href": "../results/doc/examples/example.c",
   "id": [
    "doc/examples/example.c"
   ],
   "results": [
    {
     "category": "missing",
     "href": "../results/test.2015-03-03_1613.logfiles/predicateAnalysis.example.c.log",
     "values": [
      {
       "raw": "true"
      },
      {
       "raw": "missing"
      },
      {
       "html": "2.27",
       "raw": "2.272238619"
      },
      {
       "html": "2.28",
       "raw": "2.2822041511535645"
      },
      {
       "html": "129",
       "raw": "129.470464"
      },
      {
       "raw": "0"
      }
     ]
    }
   ]
  },
  {
   "href": "../results/test/programs/simple/builtin_expect_true-unreach-label.c",
   "id": [
    "test/programs/simple/builtin_expect_true-unreach-label.c",
    "unreach-label"
   ],
   "results": [
    {
     "category": "correct",
     "href": "../results/test.2015-03-03_1613.logfiles/predicateAnalysis.builtin_expect_true-unreach-label.c.log",
     "values": [
      {
       "raw": "true"
      },
      {
       "raw": "correct"
      },
      {
       "html": "2.06",
       "raw": "2.058647067"
      },
      {
       "html": "2.07",
       "raw": "2.0664572715759277"
      },
      {
       "html": "126",
       "raw": "126.31244799999999"
      },
      {
       "raw": "0"
      }
     ]
    }
   ]
  }
 ],
 "stats": [
  {
   "content": [
    [
     {
      "sum": 5
     },
     null,
     {
      "avg": "2.18",
      "max": "2.27",
      "median": "2.19",
      "min": "2.06",
      "stdev": "0.0719",
      "sum": "10.9&#x2007;"
     },
     {
      "avg": "2.19",
      "max": "2.28",
      "median": "2.20",
      "min": "2.07",
      "stdev": "0.0723",
      "sum": "11.0&#x2007;"
     },
     {
      "avg": "129",
      "max": "132",
      "median": "129",
      "min": "126",
      "stdev": "1.98",
      "sum": "645"
     },
     {
      "avg": "0",
      "max": "0",
      "median": "0",
      "min": "0",
      "stdev": "0",
      "sum": "0"
     }
    ]
   ],
   "description": "",
   "id": null,
   "title": "total"
  },
  {
   "content": [
    [
     null,
     null,
     {
      "sum": "10.9&#x2007;"
     },
     {
      "sum": "11.6&#x2007;"
     },
     null,
     null
    ]
   ],
   "description": "(This line contains some statistics from local execution. Only trust those values, if you use your own computer.)",
   "id": null,
   "title": "local summary"
  }
 ],
 "tools": [
  {
   "benchmarkname": "test",
   "columns": [
    {
     "display_title": "status",
     "max_width": 12,
     "relevant_for_diff": false,
     "scale_factor": 1,
     "title": "status",
     "type": "status"
    },
    {
     "display_title": "category",
     "max_width": 8,
     "relevant_for_diff": false,
     "scale_factor": 1,
     "title": "category",
     "type": "text"
    },
    {
     "display_title": "cputime",
     "max_width": 7,
     "number_of_significant_digits": 3,
     "relevant_for_diff": false,
     "scale_factor": 1,
     "source_unit": "s",
     "title": "cputime",
     "type": "measure",
     "unit": "s"
    },
    {
     "display_title": "walltime",
     "max_width": 8,
     "number_of_significant_digits": 3,
     "relevant_for_diff": false,
     "scale_factor": 1,
     "source_unit": "s",
     "title": "walltime",
     "type": "measure",
     "unit": "s"
    },
    {
     "display_title": "memory",
     "max_width": 6,
     "number_of_significant_digits": 3,
     "relevant_for_diff": false,
     "scale_factor": 1e-06,
     "source_unit": "B",
     "title": "memUsage",
     "type": "measure",
     "unit": "MB"
    },
    {
     "display_title": "exitcode",
     "max_width": 8,
     "relevant_for_diff": false,
     "scale_factor": 1,
     "title": "exitcode",
     "type": "count"
    }
   ],
   "cores": "8",
   "cpu": "Intel Core i7-2600 CPU @ 3.40GHz",
   "cpuCores": "1",
   "date": "2015-03-03 16:13:02 CET",
   "freq": "3401 MHz",
   "host": "tortuga",
   "memlimit": "3000 MB",
   "name": "predicateAnalysis",
   "niceName": "predicateAnalysis",
   "options": "-noout -setprop log.consoleLevel=WARNING -predicateAnalysis",
   "os": "Linux 3.13.0-45-generic x86_64",
   "ram": "16389384 kB",
   "timelimit": "10 s",
   "tool": "CPAchecker",
   "toolmodule": "benchexec.tools.cpachecker",
   "version": "1.4-svn 15944M"
  }
 ],
 "version": "(test)"
}